[PASS] a_crash_resume: new run opens paused :: {"state": "paused", "current_turn_id": "r00000_init", "next_step": "new_round"}
[PASS] a_crash_resume: play accepted :: "running"
[PASS] a_crash_resume: pause after ~2 rounds yields pause_requested then paused :: ["pause_requested", "paused"]
[PASS] a_crash_resume: pending call file recorded on disk before the kill :: {"file": "working/pending_model_calls/mc_r00002_t06_a02_01.json", "status": "pending", "call_id": "mc_r00002_t06_a02_01", "turn_id": "r00002_t06_a02", "has_request": true, "GET pending_model_call": 200}
[PASS] a_crash_resume: server killed with SIGKILL while waiting_model :: {"pid": 286527, "state_at_kill": "waiting_model"}
[PASS] a_crash_resume: on disk after the kill: manifest still at the last complete checkpoint :: {"manifest.current_turn_id": "r00002_t05_a01", "partial_dirs": [], "active_turn_dir_exists": false}
[PASS] a_crash_resume: run listed as paused after restart (not open) :: {"status": "paused", "current_turn_id": "r00002_t05_a01"}
[PASS] a_crash_resume: resumed session opens paused at the last complete checkpoint :: {"state": "paused", "current_turn_id": "r00002_t05_a01", "next_step": "agent_turn", "next_agent_id": "a02", "feed_epoch": "5eda715603f1", "latest_seq": 79}
[PASS] a_crash_resume: feed_epoch changed after restart :: ["8d972c7c3542", "5eda715603f1"]
[PASS] a_crash_resume: ledger on disk untouched by recovery (usage enters only in the carrying commit) :: {"before_kill": {"calls": 13, "interrupted_calls": 0, "input_tokens": 32394, "output_tokens": 399, "provider_cost_usd": 0.0}, "after_open": {"calls": 13, "interrupted_calls": 0, "input_tokens": 32394, "output_tokens": 399, "provider_cost_usd": 0.0}, "status.real_usage (manifest + uncommitted)": {"calls": 14, "interrupted_calls": 1, "input_tokens": 32394, "output_tokens": 399, "provider_cost_usd": ...
[PASS] a_crash_resume: RunStatus.real_usage adds exactly the one interrupted call on top (calls +1, interrupted_calls +1) :: {"manifest_before_kill": {"calls": 13, "interrupted_calls": 0, "input_tokens": 32394, "output_tokens": 399, "provider_cost_usd": 0.0}, "status_after_open": {"calls": 14, "interrupted_calls": 1, "input_tokens": 32394, "output_tokens": 399, "provider_cost_usd": 0.0}}
[PASS] a_crash_resume: recovered pending call surfaced as model_call_failed (infra, interrupted) :: [[79, "model_call_failed", "a02 call mc_r00002_t06_a02_01 to fake-heuristic was interrupted (outcome uncertain)"]]
[PASS] a_crash_resume: the interrupted turn re-runs under the same turn id and commits :: {"committed": "r00002_t06_a02"}
[PASS] a_crash_resume: the re-run uses call id _02 and carries _01 as interrupted (charged 0) :: {"model_call_ids": ["mc_r00002_t06_a02_01", "mc_r00002_t06_a02_02"], "calls": [["mc_r00002_t06_a02_01", "failed", "interrupted (outcome uncertain)", 0.0], ["mc_r00002_t06_a02_02", "completed", null, 0.5444]]}
[PASS] a_crash_resume: pending call files cleared by the carrying commit :: []
[PASS] a_crash_resume: ledger after the carrying commit = before-kill + 2 records (calls +2, of which interrupted_calls +1) :: {"before": {"calls": 13, "interrupted_calls": 0, "input_tokens": 32394, "output_tokens": 399, "provider_cost_usd": 0.0}, "after": {"calls": 15, "interrupted_calls": 1, "input_tokens": 34981, "output_tokens": 426, "provider_cost_usd": 0.0}}
[PASS] a_crash_resume: continued to r00004_end without error :: {"state": "paused", "current_turn_id": "r00004_end", "last_error": null}
[PASS] a_crash_resume: turn index chain: no duplicates, no gaps, index == manifest chain :: {"turns": 37, "first": "r00000_init", "last": "r00004_end", "duplicate_turn_ids": [], "schedule_shape_problems": []}
[PASS] a_crash_resume: committed event seqs unique and strictly increasing; next_event_seq = max + 1 :: {"events": 214, "duplicate_seqs": [], "seq_gaps": [], "next_event_seq": 215, "max_seq": 214}
[PASS] a_crash_resume: manifest ledger == sum over committed call records (no double count) :: {"ledger": {"calls": 33, "interrupted_calls": 1, "input_tokens": 83196, "output_tokens": 1000, "provider_cost_usd": 0.0}, "records": {"calls": 33, "interrupted_calls": 1, "input_tokens": 83196, "output_tokens": 1000}}
[PASS] a_crash_resume: same turn chain and same per-turn actions/results as the uninterrupted reference run :: {"turns": 37, "diffs": []}
[PASS] a_crash_resume: agents at r00004_end identical to the reference (no lost or repeated effect) :: "all 8 agent files equal"
[PASS] a_crash_resume: event summaries differ from the reference only by the recovery records of the interrupted turn :: {"only_in_crash_run": [["r00000_init", "run_created", "run 'res-a crash (kill -9 during waiting_model)' created with 8 agents (seed 1)"], ["r00002_t06_a02", "model_call_failed", "a02 call mc_r00002_t06_a02_01 to fake-heuristic was interrupted (outcome uncertain)"]], "only_in_reference": [["r00000_init", "run_created", "run 'res-a reference (no crash)' created with 8 agents (seed 1)"]]}
[PASS] a_crash_resume: double crash on one turn: _01 and _02 interrupted, _03 commits under the same turn id :: {"turn": "r00005_t01_a08", "model_call_ids": ["mc_r00005_t01_a08_01", "mc_r00005_t01_a08_02", "mc_r00005_t01_a08_03"], "pending_files_before_2nd_kill": ["mc_r00005_t01_a08_01.json", "mc_r00005_t01_a08_02.json"]}
[PASS] a_crash_resume: double crash: after the 2nd open RunStatus.real_usage = manifest + the 2 interrupted records (calls +2, interrupted_calls +2) :: {"manifest_before": {"calls": 33, "interrupted_calls": 1, "input_tokens": 83196, "output_tokens": 1000, "provider_cost_usd": 0.0}, "status_after_2nd_open": {"calls": 35, "interrupted_calls": 3, "input_tokens": 83196, "output_tokens": 1000, "provider_cost_usd": 0.0}}
[PASS] a_crash_resume: double crash: ledger grows by exactly 3 records (calls +3, of which interrupted_calls +2) :: {"before": {"calls": 33, "interrupted_calls": 1, "input_tokens": 83196, "output_tokens": 1000, "provider_cost_usd": 0.0}, "after": {"calls": 36, "interrupted_calls": 3, "input_tokens": 85938, "output_tokens": 1037, "provider_cost_usd": 0.0}, "status_after_2nd_open": {"calls": 35, "interrupted_calls": 3, "input_tokens": 83196, "output_tokens": 1000, "provider_cost_usd": 0.0}}
[PASS] a_crash_resume: after the double crash the chain/seq/ledger invariants still hold :: {"turns": 38, "last": "r00005_t01_a08", "duplicate_seqs": [], "seq_gaps": [], "ledger": {"calls": 36, "interrupted_calls": 3, "input_tokens": 85938, "output_tokens": 1037, "provider_cost_usd": 0.0}, "sum_call_records": {"calls": 36, "interrupted_calls": 3, "input_tokens": 85938, "output_tokens": 1037}}
evidence: /home/ubuntu/antegensim/qa/resilience/out-final/a_crash_resume.json ALL OK
